// Jest Snapshot v1, https://goo.gl/fbAQLP

exports[`Pruebas en MultipleCustomHook debe de mostrar correctamente 1`] = `
<div>
  <h1>
    Breaking Bad Quotes
  </h1>
  <div
    className="alert alert-info text-center"
  >
     loading ... 
  </div>
  <button
    className="btn btn-primary"
  >
    Next Quote
  </button>
</div>
`;
